// Jest Snapshot v1, https://goo.gl/fbAQLP

exports[`Button Component renders correctly 1`] = `
<button
  className=""
  onClick={[Function]}
  type="button"
>
  
</button>
`;
